
[TestFocusCmd/validate_missing_identifier - 1]
aerospace-marks focus

accepts 1 arg(s), received 0
---

[TestFocusCmd/focus_to_a_window_by_mark_-_`marks_focus_mark1` - 1]
aerospace-marks focus mark1

Focus moved to window ID 1

---

[TestFocusCmd/focus_using_mark_that_does_not_exist - 1]
aerospace-marks focus nonexistent-mark

error: empty window id for mark 'nonexistent-mark'

---
